[2023-05-08T16:35:08.747+0300][gc,heap] Heap region size: 1M
[2023-05-08T16:35:08.753+0300][gc     ] Using G1
[2023-05-08T16:35:08.753+0300][gc,heap,coops] Heap address: 0x00000007c0000000, size: 1024 MB, Compressed Oops mode: Zero based, Oop shift amount: 3
[2023-05-08T16:35:15.071+0300][gc,start     ] GC(0) Pause Young (Concurrent Start) (Metadata GC Threshold)
[2023-05-08T16:35:15.071+0300][gc,task      ] GC(0) Using 9 workers of 9 for evacuation
[2023-05-08T16:35:15.082+0300][gc,phases    ] GC(0)   Pre Evacuate Collection Set: 0.0ms
[2023-05-08T16:35:15.082+0300][gc,phases    ] GC(0)   Evacuate Collection Set: 9.8ms
[2023-05-08T16:35:15.082+0300][gc,phases    ] GC(0)   Post Evacuate Collection Set: 0.4ms
[2023-05-08T16:35:15.082+0300][gc,phases    ] GC(0)   Other: 0.7ms
[2023-05-08T16:35:15.082+0300][gc,heap      ] GC(0) Eden regions: 47->0(44)
[2023-05-08T16:35:15.082+0300][gc,heap      ] GC(0) Survivor regions: 0->7(7)
[2023-05-08T16:35:15.082+0300][gc,heap      ] GC(0) Old regions: 0->0
[2023-05-08T16:35:15.082+0300][gc,heap      ] GC(0) Humongous regions: 0->0
[2023-05-08T16:35:15.082+0300][gc,metaspace ] GC(0) Metaspace: 20676K->20676K(1067008K)
[2023-05-08T16:35:15.082+0300][gc           ] GC(0) Pause Young (Concurrent Start) (Metadata GC Threshold) 46M->6M(1024M) 11.171ms
[2023-05-08T16:35:15.082+0300][gc,cpu       ] GC(0) User=0.04s Sys=0.02s Real=0.01s
[2023-05-08T16:35:15.082+0300][gc           ] GC(1) Concurrent Cycle
[2023-05-08T16:35:15.082+0300][gc,marking   ] GC(1) Concurrent Clear Claimed Marks
[2023-05-08T16:35:15.083+0300][gc,marking   ] GC(1) Concurrent Clear Claimed Marks 0.040ms
[2023-05-08T16:35:15.083+0300][gc,marking   ] GC(1) Concurrent Scan Root Regions
[2023-05-08T16:35:15.084+0300][gc,marking   ] GC(1) Concurrent Scan Root Regions 1.665ms
[2023-05-08T16:35:15.084+0300][gc,marking   ] GC(1) Concurrent Mark (6.345s)
[2023-05-08T16:35:15.084+0300][gc,marking   ] GC(1) Concurrent Mark From Roots
[2023-05-08T16:35:15.084+0300][gc,task      ] GC(1) Using 2 workers of 2 for marking
[2023-05-08T16:35:15.084+0300][gc,marking   ] GC(1) Concurrent Mark From Roots 0.130ms
[2023-05-08T16:35:15.084+0300][gc,marking   ] GC(1) Concurrent Preclean
[2023-05-08T16:35:15.084+0300][gc,marking   ] GC(1) Concurrent Preclean 0.034ms
[2023-05-08T16:35:15.085+0300][gc,marking   ] GC(1) Concurrent Mark (6.345s, 6.346s) 0.273ms
[2023-05-08T16:35:15.085+0300][gc,start     ] GC(1) Pause Remark
[2023-05-08T16:35:15.089+0300][gc,stringtable] GC(1) Cleaned string and symbol table, strings: 7212 processed, 0 removed, symbols: 65606 processed, 38 removed
[2023-05-08T16:35:15.089+0300][gc            ] GC(1) Pause Remark 7M->7M(1024M) 4.052ms
[2023-05-08T16:35:15.089+0300][gc,cpu        ] GC(1) User=0.01s Sys=0.00s Real=0.00s
[2023-05-08T16:35:15.089+0300][gc,marking    ] GC(1) Concurrent Rebuild Remembered Sets
[2023-05-08T16:35:15.089+0300][gc,marking    ] GC(1) Concurrent Rebuild Remembered Sets 0.037ms
[2023-05-08T16:35:15.089+0300][gc,start      ] GC(1) Pause Cleanup
[2023-05-08T16:35:15.089+0300][gc            ] GC(1) Pause Cleanup 7M->7M(1024M) 0.085ms
[2023-05-08T16:35:15.089+0300][gc,cpu        ] GC(1) User=0.00s Sys=0.00s Real=0.00s
[2023-05-08T16:35:15.089+0300][gc,marking    ] GC(1) Concurrent Cleanup for Next Mark
[2023-05-08T16:35:15.093+0300][gc,marking    ] GC(1) Concurrent Cleanup for Next Mark 3.310ms
[2023-05-08T16:35:15.093+0300][gc            ] GC(1) Concurrent Cycle 10.616ms
[2023-05-08T16:35:16.021+0300][gc,start      ] GC(2) Pause Young (Normal) (G1 Evacuation Pause)
[2023-05-08T16:35:16.021+0300][gc,task       ] GC(2) Using 9 workers of 9 for evacuation
[2023-05-08T16:35:16.039+0300][gc,phases     ] GC(2)   Pre Evacuate Collection Set: 0.0ms
[2023-05-08T16:35:16.039+0300][gc,phases     ] GC(2)   Evacuate Collection Set: 16.7ms
[2023-05-08T16:35:16.039+0300][gc,phases     ] GC(2)   Post Evacuate Collection Set: 0.5ms
[2023-05-08T16:35:16.039+0300][gc,phases     ] GC(2)   Other: 0.1ms
[2023-05-08T16:35:16.039+0300][gc,heap       ] GC(2) Eden regions: 44->0(49)
[2023-05-08T16:35:16.039+0300][gc,heap       ] GC(2) Survivor regions: 7->2(7)
[2023-05-08T16:35:16.039+0300][gc,heap       ] GC(2) Old regions: 0->7
[2023-05-08T16:35:16.039+0300][gc,heap       ] GC(2) Humongous regions: 129->129
[2023-05-08T16:35:16.039+0300][gc,metaspace  ] GC(2) Metaspace: 29352K->29352K(1075200K)
[2023-05-08T16:35:16.039+0300][gc            ] GC(2) Pause Young (Normal) (G1 Evacuation Pause) 179M->137M(1024M) 17.517ms
[2023-05-08T16:35:16.039+0300][gc,cpu        ] GC(2) User=0.06s Sys=0.02s Real=0.01s
[2023-05-08T16:35:16.344+0300][gc,start      ] GC(3) Pause Young (Concurrent Start) (Metadata GC Threshold)
[2023-05-08T16:35:16.344+0300][gc,task       ] GC(3) Using 9 workers of 9 for evacuation
[2023-05-08T16:35:16.349+0300][gc,phases     ] GC(3)   Pre Evacuate Collection Set: 0.0ms
[2023-05-08T16:35:16.349+0300][gc,phases     ] GC(3)   Evacuate Collection Set: 3.9ms
[2023-05-08T16:35:16.349+0300][gc,phases     ] GC(3)   Post Evacuate Collection Set: 0.2ms
[2023-05-08T16:35:16.349+0300][gc,phases     ] GC(3)   Other: 0.2ms
[2023-05-08T16:35:16.349+0300][gc,heap       ] GC(3) Eden regions: 30->0(48)
[2023-05-08T16:35:16.349+0300][gc,heap       ] GC(3) Survivor regions: 2->3(7)
[2023-05-08T16:35:16.349+0300][gc,heap       ] GC(3) Old regions: 7->7
[2023-05-08T16:35:16.349+0300][gc,heap       ] GC(3) Humongous regions: 129->129
[2023-05-08T16:35:16.349+0300][gc,metaspace  ] GC(3) Metaspace: 34776K->34776K(1081344K)
[2023-05-08T16:35:16.349+0300][gc            ] GC(3) Pause Young (Concurrent Start) (Metadata GC Threshold) 167M->138M(1024M) 4.374ms
[2023-05-08T16:35:16.349+0300][gc,cpu        ] GC(3) User=0.02s Sys=0.00s Real=0.00s
[2023-05-08T16:35:16.349+0300][gc            ] GC(4) Concurrent Cycle
[2023-05-08T16:35:16.349+0300][gc,marking    ] GC(4) Concurrent Clear Claimed Marks
[2023-05-08T16:35:16.349+0300][gc,marking    ] GC(4) Concurrent Clear Claimed Marks 0.018ms
[2023-05-08T16:35:16.349+0300][gc,marking    ] GC(4) Concurrent Scan Root Regions
[2023-05-08T16:35:16.350+0300][gc,marking    ] GC(4) Concurrent Scan Root Regions 0.965ms
[2023-05-08T16:35:16.350+0300][gc,marking    ] GC(4) Concurrent Mark (7.611s)
[2023-05-08T16:35:16.350+0300][gc,marking    ] GC(4) Concurrent Mark From Roots
[2023-05-08T16:35:16.350+0300][gc,task       ] GC(4) Using 2 workers of 2 for marking
[2023-05-08T16:35:16.354+0300][gc,marking    ] GC(4) Concurrent Mark From Roots 3.891ms
[2023-05-08T16:35:16.354+0300][gc,marking    ] GC(4) Concurrent Preclean
[2023-05-08T16:35:16.354+0300][gc,marking    ] GC(4) Concurrent Preclean 0.046ms
[2023-05-08T16:35:16.354+0300][gc,marking    ] GC(4) Concurrent Mark (7.611s, 7.615s) 3.985ms
[2023-05-08T16:35:16.354+0300][gc,start      ] GC(4) Pause Remark
[2023-05-08T16:35:16.361+0300][gc,stringtable] GC(4) Cleaned string and symbol table, strings: 11132 processed, 12 removed, symbols: 97451 processed, 27 removed
[2023-05-08T16:35:16.361+0300][gc            ] GC(4) Pause Remark 139M->139M(1024M) 7.315ms
[2023-05-08T16:35:16.361+0300][gc,cpu        ] GC(4) User=0.02s Sys=0.01s Real=0.01s
[2023-05-08T16:35:16.361+0300][gc,marking    ] GC(4) Concurrent Rebuild Remembered Sets
[2023-05-08T16:35:16.365+0300][gc,marking    ] GC(4) Concurrent Rebuild Remembered Sets 3.188ms
[2023-05-08T16:35:16.365+0300][gc,start      ] GC(4) Pause Cleanup
[2023-05-08T16:35:16.365+0300][gc            ] GC(4) Pause Cleanup 139M->139M(1024M) 0.121ms
[2023-05-08T16:35:16.365+0300][gc,cpu        ] GC(4) User=0.00s Sys=0.00s Real=0.00s
[2023-05-08T16:35:16.365+0300][gc,marking    ] GC(4) Concurrent Cleanup for Next Mark
[2023-05-08T16:35:16.369+0300][gc,marking    ] GC(4) Concurrent Cleanup for Next Mark 3.805ms
[2023-05-08T16:35:16.369+0300][gc            ] GC(4) Concurrent Cycle 20.036ms
[2023-05-08T16:35:17.186+0300][gc,start      ] GC(5) Pause Young (Normal) (G1 Evacuation Pause)
[2023-05-08T16:35:17.186+0300][gc,task       ] GC(5) Using 9 workers of 9 for evacuation
[2023-05-08T16:35:17.193+0300][gc,phases     ] GC(5)   Pre Evacuate Collection Set: 0.0ms
[2023-05-08T16:35:17.193+0300][gc,phases     ] GC(5)   Evacuate Collection Set: 6.6ms
[2023-05-08T16:35:17.193+0300][gc,phases     ] GC(5)   Post Evacuate Collection Set: 0.3ms
[2023-05-08T16:35:17.193+0300][gc,phases     ] GC(5)   Other: 0.2ms
[2023-05-08T16:35:17.193+0300][gc,heap       ] GC(5) Eden regions: 48->0(44)
[2023-05-08T16:35:17.193+0300][gc,heap       ] GC(5) Survivor regions: 3->7(7)
[2023-05-08T16:35:17.193+0300][gc,heap       ] GC(5) Old regions: 7->7
[2023-05-08T16:35:17.193+0300][gc,heap       ] GC(5) Humongous regions: 129->129
[2023-05-08T16:35:17.193+0300][gc,metaspace  ] GC(5) Metaspace: 42777K->42777K(1087488K)
[2023-05-08T16:35:17.193+0300][gc            ] GC(5) Pause Young (Normal) (G1 Evacuation Pause) 186M->141M(1024M) 7.138ms
[2023-05-08T16:35:17.193+0300][gc,cpu        ] GC(5) User=0.04s Sys=0.01s Real=0.01s
[2023-05-08T16:35:44.364+0300][gc,start      ] GC(6) Pause Young (Normal) (G1 Evacuation Pause)
[2023-05-08T16:35:44.364+0300][gc,task       ] GC(6) Using 9 workers of 9 for evacuation
[2023-05-08T16:35:44.375+0300][gc,phases     ] GC(6)   Pre Evacuate Collection Set: 0.0ms
[2023-05-08T16:35:44.375+0300][gc,phases     ] GC(6)   Evacuate Collection Set: 9.9ms
[2023-05-08T16:35:44.375+0300][gc,phases     ] GC(6)   Post Evacuate Collection Set: 0.5ms
[2023-05-08T16:35:44.375+0300][gc,phases     ] GC(6)   Other: 0.2ms
[2023-05-08T16:35:44.375+0300][gc,heap       ] GC(6) Eden regions: 44->0(48)
[2023-05-08T16:35:44.375+0300][gc,heap       ] GC(6) Survivor regions: 7->3(7)
[2023-05-08T16:35:44.375+0300][gc,heap       ] GC(6) Old regions: 7->13
[2023-05-08T16:35:44.375+0300][gc,heap       ] GC(6) Humongous regions: 129->129
[2023-05-08T16:35:44.375+0300][gc,metaspace  ] GC(6) Metaspace: 49057K->49057K(1093632K)
[2023-05-08T16:35:44.375+0300][gc            ] GC(6) Pause Young (Normal) (G1 Evacuation Pause) 185M->144M(1024M) 10.735ms
[2023-05-08T16:35:44.375+0300][gc,cpu        ] GC(6) User=0.06s Sys=0.02s Real=0.01s
[2023-05-08T16:56:47.576+0300][gc,start      ] GC(7) Pause Young (Normal) (G1 Evacuation Pause)
[2023-05-08T16:56:47.576+0300][gc,task       ] GC(7) Using 9 workers of 9 for evacuation
[2023-05-08T16:56:47.605+0300][gc,mmu        ] GC(7) MMU target violated: 21.0ms (20.0ms/21.0ms)
[2023-05-08T16:56:47.605+0300][gc,phases     ] GC(7)   Pre Evacuate Collection Set: 0.3ms
[2023-05-08T16:56:47.605+0300][gc,phases     ] GC(7)   Evacuate Collection Set: 28.3ms
[2023-05-08T16:56:47.605+0300][gc,phases     ] GC(7)   Post Evacuate Collection Set: 0.7ms
[2023-05-08T16:56:47.605+0300][gc,phases     ] GC(7)   Other: 0.5ms
[2023-05-08T16:56:47.606+0300][gc,heap       ] GC(7) Eden regions: 48->0(46)
[2023-05-08T16:56:47.606+0300][gc,heap       ] GC(7) Survivor regions: 3->5(7)
[2023-05-08T16:56:47.606+0300][gc,heap       ] GC(7) Old regions: 13->13
[2023-05-08T16:56:47.606+0300][gc,heap       ] GC(7) Humongous regions: 129->129
[2023-05-08T16:56:47.606+0300][gc,metaspace  ] GC(7) Metaspace: 51289K->51289K(1095680K)
[2023-05-08T16:56:47.606+0300][gc            ] GC(7) Pause Young (Normal) (G1 Evacuation Pause) 192M->146M(1024M) 29.852ms
[2023-05-08T16:56:47.606+0300][gc,cpu        ] GC(7) User=0.07s Sys=0.07s Real=0.03s
[2023-05-08T17:14:16.809+0300][gc,heap,exit  ] Heap
[2023-05-08T17:14:16.809+0300][gc,heap,exit  ]  garbage-first heap   total 1048576K, used 185666K [0x00000007c0000000, 0x0000000800000000)
[2023-05-08T17:14:16.809+0300][gc,heap,exit  ]   region size 1024K, 42 young (43008K), 5 survivors (5120K)
[2023-05-08T17:14:16.809+0300][gc,heap,exit  ]  Metaspace       used 52173K, capacity 55049K, committed 55296K, reserved 1095680K
[2023-05-08T17:14:16.809+0300][gc,heap,exit  ]   class space    used 6945K, capacity 8363K, committed 8448K, reserved 1048576K
